
> puntocomsanjuan@1.0.0 build
> next build

  ▲ Next.js 14.2.5
  - Environments: .env.local

   Creating an optimized production build ...
 ✓ Compiled successfully
   Linting and checking validity of types ...
   Collecting page data ...
   Generating static pages (0/15) ...
   Generating static pages (3/15) 
   Generating static pages (7/15) 
   Generating static pages (11/15) 
 ✓ Generating static pages (15/15)
   Finalizing page optimization ...
   Collecting build traces ...

Route (app)                              Size     First Load JS
┌ ƒ /                                    176 B          94.1 kB
├ ○ /_not-found                          871 B            88 kB
├ ○ /about                               158 B          87.3 kB
├ ○ /admin/banners                       158 B          87.3 kB
├ ○ /admin/dashboard                     158 B          87.3 kB
├ ƒ /admin/login                         1.01 kB         139 kB
├ ○ /admin/posts                         158 B          87.3 kB
├ ○ /admin/services                      158 B          87.3 kB
├ ƒ /blog                                176 B          94.1 kB
├ ƒ /blog/[slug]                         5.24 kB        99.1 kB
├ ○ /contact                             158 B          87.3 kB
├ ○ /robots.txt                          0 B                0 B
├ ○ /services                            158 B          87.3 kB
└ ƒ /sitemap.xml                         0 B                0 B
+ First Load JS shared by all            87.1 kB
  ├ chunks/23-c61e312c20c04c5e.js        31.5 kB
  ├ chunks/fd9d1056-b6e16a5f15b47ad4.js  53.6 kB
  └ other shared chunks (total)          1.95 kB


○  (Static)   prerendered as static content
ƒ  (Dynamic)  server-rendered on demand

